[2026-10-10T15:02:36.064+0000] {manager.py:469} INFO - Processing files using up to 2 processes at a time 
[2026-10-10T15:02:36.065+0000] {manager.py:470} INFO - Process each file at most once every 30 seconds
[2026-10-10T15:02:36.065+0000] {manager.py:471} INFO - Checking for new files in /opt/airflow/dags every 300 seconds
[2026-10-10T15:02:36.065+0000] {manager.py:738} INFO - Searching for files in /opt/airflow/dags
[2026-10-10T15:02:36.067+0000] {manager.py:741} INFO - There are 1 files in /opt/airflow/dags
[2026-10-10T15:02:36.244+0000] {manager.py:879} INFO - 
================================================================================
DAG File Processing Stats

File Path                                     PID  Runtime      # DAGs    # Errors  Last Runtime    Last Run
------------------------------------------  -----  ---------  --------  ----------  --------------  ----------
/opt/airflow/dags/diabetes_training_dag.py     29  0.09s             0           0
================================================================================
[2026-10-10T15:03:06.392+0000] {manager.py:879} INFO - 
================================================================================
DAG File Processing Stats

File Path                                     PID  Runtime      # DAGs    # Errors  Last Runtime    Last Run
------------------------------------------  -----  ---------  --------  ----------  --------------  -------------------
/opt/airflow/dags/diabetes_training_dag.py     30  0.01s             0           1  0.11s           2026-10-10T15:02:36
================================================================================
[2026-10-10T15:03:36.615+0000] {manager.py:879} INFO - 
================================================================================
DAG File Processing Stats

File Path                                     PID  Runtime      # DAGs    # Errors  Last Runtime    Last Run
------------------------------------------  -----  ---------  --------  ----------  --------------  -------------------
/opt/airflow/dags/diabetes_training_dag.py     31  0.01s             0           1  0.07s           2026-10-10T15:03:06
================================================================================
[2026-10-10T15:04:06.850+0000] {manager.py:879} INFO - 
================================================================================
DAG File Processing Stats

File Path                                     PID  Runtime      # DAGs    # Errors  Last Runtime    Last Run
------------------------------------------  -----  ---------  --------  ----------  --------------  -------------------
/opt/airflow/dags/diabetes_training_dag.py     32  0.01s             0           1  0.13s           2026-10-10T15:03:36
================================================================================
[2026-10-10T15:04:37.150+0000] {manager.py:879} INFO - 
================================================================================
DAG File Processing Stats

File Path                                     PID  Runtime      # DAGs    # Errors  Last Runtime    Last Run
------------------------------------------  -----  ---------  --------  ----------  --------------  -------------------
/opt/airflow/dags/diabetes_training_dag.py     33  0.01s             0           1  0.08s           2026-10-10T15:04:06
================================================================================
[2026-10-10T15:04:49.542+0000] {manager.py:451} INFO - Exiting gracefully upon receiving signal 15
[2026-10-10T15:05:40.211+0000] {manager.py:469} INFO - Processing files using up to 2 processes at a time 
[2026-10-10T15:05:40.213+0000] {manager.py:470} INFO - Process each file at most once every 30 seconds
[2026-10-10T15:05:40.213+0000] {manager.py:471} INFO - Checking for new files in /opt/airflow/dags every 300 seconds
[2026-10-10T15:05:40.214+0000] {manager.py:738} INFO - Searching for files in /opt/airflow/dags
[2026-10-10T15:05:40.215+0000] {manager.py:741} INFO - There are 1 files in /opt/airflow/dags
[2026-10-10T15:05:40.344+0000] {manager.py:879} INFO - 
================================================================================
DAG File Processing Stats

File Path                                     PID  Runtime      # DAGs    # Errors  Last Runtime    Last Run
------------------------------------------  -----  ---------  --------  ----------  --------------  ----------
/opt/airflow/dags/diabetes_training_dag.py     29  0.05s             0           0
================================================================================
[2026-10-10T15:06:10.527+0000] {manager.py:879} INFO - 
================================================================================
DAG File Processing Stats

File Path                                     PID  Runtime      # DAGs    # Errors  Last Runtime    Last Run
------------------------------------------  -----  ---------  --------  ----------  --------------  -------------------
/opt/airflow/dags/diabetes_training_dag.py     30  0.01s             0           1  0.08s           2026-10-10T15:05:40
================================================================================
[2026-10-10T15:06:40.731+0000] {manager.py:879} INFO - 
================================================================================
DAG File Processing Stats

File Path                                     PID  Runtime      # DAGs    # Errors  Last Runtime    Last Run
------------------------------------------  -----  ---------  --------  ----------  --------------  -------------------
/opt/airflow/dags/diabetes_training_dag.py     31  0.01s             0           1  0.09s           2026-10-10T15:06:10
================================================================================
[2026-10-10T15:06:47.151+0000] {manager.py:451} INFO - Exiting gracefully upon receiving signal 15
[2026-10-10T15:19:30.848+0000] {manager.py:469} INFO - Processing files using up to 2 processes at a time 
[2026-10-10T15:19:30.849+0000] {manager.py:470} INFO - Process each file at most once every 30 seconds
[2026-10-10T15:19:30.849+0000] {manager.py:471} INFO - Checking for new files in /opt/airflow/dags every 300 seconds
[2026-10-10T15:19:30.849+0000] {manager.py:738} INFO - Searching for files in /opt/airflow/dags
[2026-10-10T15:19:30.850+0000] {manager.py:741} INFO - There are 1 files in /opt/airflow/dags
[2026-10-10T15:19:30.997+0000] {manager.py:879} INFO - 
================================================================================
DAG File Processing Stats

File Path                                     PID  Runtime      # DAGs    # Errors  Last Runtime    Last Run
------------------------------------------  -----  ---------  --------  ----------  --------------  ----------
/opt/airflow/dags/diabetes_training_dag.py     29  0.07s             0           0
================================================================================
[2026-10-10T15:20:01.168+0000] {manager.py:879} INFO - 
================================================================================
DAG File Processing Stats

File Path                                   PID    Runtime      # DAGs    # Errors  Last Runtime    Last Run
------------------------------------------  -----  ---------  --------  ----------  --------------  -------------------
/opt/airflow/dags/diabetes_training_dag.py                           0           1  3.43s           2026-10-10T15:19:34
================================================================================
[2026-10-10T15:20:31.726+0000] {manager.py:879} INFO - 
================================================================================
DAG File Processing Stats

File Path                                   PID    Runtime      # DAGs    # Errors  Last Runtime    Last Run
------------------------------------------  -----  ---------  --------  ----------  --------------  -------------------
/opt/airflow/dags/diabetes_training_dag.py                           0           1  2.22s           2026-10-10T15:20:06
================================================================================
[2026-10-10T15:21:02.096+0000] {manager.py:879} INFO - 
================================================================================
DAG File Processing Stats

File Path                                   PID    Runtime      # DAGs    # Errors  Last Runtime    Last Run
------------------------------------------  -----  ---------  --------  ----------  --------------  -------------------
/opt/airflow/dags/diabetes_training_dag.py                           0           1  2.13s           2026-10-10T15:20:39
================================================================================
[2026-10-10T15:21:32.294+0000] {manager.py:879} INFO - 
================================================================================
DAG File Processing Stats

File Path                                   PID    Runtime      # DAGs    # Errors  Last Runtime    Last Run
------------------------------------------  -----  ---------  --------  ----------  --------------  -------------------
/opt/airflow/dags/diabetes_training_dag.py                           0           1  2.06s           2026-10-10T15:21:11
================================================================================
[2026-10-10T15:22:02.412+0000] {manager.py:879} INFO - 
================================================================================
DAG File Processing Stats

File Path                                   PID    Runtime      # DAGs    # Errors  Last Runtime    Last Run
------------------------------------------  -----  ---------  --------  ----------  --------------  -------------------
/opt/airflow/dags/diabetes_training_dag.py                           0           1  1.95s           2026-10-10T15:21:43
================================================================================
[2026-10-10T15:22:32.609+0000] {manager.py:879} INFO - 
================================================================================
DAG File Processing Stats

File Path                                   PID    Runtime      # DAGs    # Errors  Last Runtime    Last Run
------------------------------------------  -----  ---------  --------  ----------  --------------  -------------------
/opt/airflow/dags/diabetes_training_dag.py                           0           1  2.00s           2026-10-10T15:22:15
================================================================================
[2026-10-10T15:23:02.828+0000] {manager.py:879} INFO - 
================================================================================
DAG File Processing Stats

File Path                                   PID    Runtime      # DAGs    # Errors  Last Runtime    Last Run
------------------------------------------  -----  ---------  --------  ----------  --------------  -------------------
/opt/airflow/dags/diabetes_training_dag.py                           0           1  2.10s           2026-10-10T15:22:47
================================================================================
[2026-10-10T15:23:33.034+0000] {manager.py:879} INFO - 
================================================================================
DAG File Processing Stats

File Path                                   PID    Runtime      # DAGs    # Errors  Last Runtime    Last Run
------------------------------------------  -----  ---------  --------  ----------  --------------  -------------------
/opt/airflow/dags/diabetes_training_dag.py                           0           1  2.05s           2026-10-10T15:23:19
================================================================================
[2026-10-10T15:24:03.252+0000] {manager.py:879} INFO - 
================================================================================
DAG File Processing Stats

File Path                                   PID    Runtime      # DAGs    # Errors  Last Runtime    Last Run
------------------------------------------  -----  ---------  --------  ----------  --------------  -------------------
/opt/airflow/dags/diabetes_training_dag.py                           0           1  2.08s           2026-10-10T15:23:52
================================================================================
[2026-10-10T15:24:31.469+0000] {manager.py:738} INFO - Searching for files in /opt/airflow/dags
[2026-10-10T15:24:31.471+0000] {manager.py:741} INFO - There are 1 files in /opt/airflow/dags
[2026-10-10T15:24:33.500+0000] {manager.py:879} INFO - 
================================================================================
DAG File Processing Stats

File Path                                   PID    Runtime      # DAGs    # Errors  Last Runtime    Last Run
------------------------------------------  -----  ---------  --------  ----------  --------------  -------------------
/opt/airflow/dags/diabetes_training_dag.py                           0           1  2.06s           2026-10-10T15:24:24
================================================================================
[2026-10-10T15:25:03.651+0000] {manager.py:879} INFO - 
================================================================================
DAG File Processing Stats

File Path                                   PID    Runtime      # DAGs    # Errors  Last Runtime    Last Run
------------------------------------------  -----  ---------  --------  ----------  --------------  -------------------
/opt/airflow/dags/diabetes_training_dag.py                           0           1  1.96s           2026-10-10T15:24:56
================================================================================
[2026-10-10T15:25:33.864+0000] {manager.py:879} INFO - 
================================================================================
DAG File Processing Stats

File Path                                   PID    Runtime      # DAGs    # Errors  Last Runtime    Last Run
------------------------------------------  -----  ---------  --------  ----------  --------------  -------------------
/opt/airflow/dags/diabetes_training_dag.py                           0           1  2.03s           2026-10-10T15:25:28
================================================================================
[2026-10-10T15:26:03.982+0000] {manager.py:879} INFO - 
================================================================================
DAG File Processing Stats

File Path                                   PID    Runtime      # DAGs    # Errors  Last Runtime    Last Run
------------------------------------------  -----  ---------  --------  ----------  --------------  -------------------
/opt/airflow/dags/diabetes_training_dag.py                           0           1  1.93s           2026-10-10T15:26:00
================================================================================
[2026-10-10T15:26:34.128+0000] {manager.py:879} INFO - 
================================================================================
DAG File Processing Stats

File Path                                   PID    Runtime      # DAGs    # Errors  Last Runtime    Last Run
------------------------------------------  -----  ---------  --------  ----------  --------------  -------------------
/opt/airflow/dags/diabetes_training_dag.py                           0           1  2.07s           2026-10-10T15:26:33
================================================================================
[2026-10-10T15:27:04.283+0000] {manager.py:879} INFO - 
================================================================================
DAG File Processing Stats

File Path                                     PID  Runtime      # DAGs    # Errors  Last Runtime    Last Run
------------------------------------------  -----  ---------  --------  ----------  --------------  -------------------
/opt/airflow/dags/diabetes_training_dag.py    227  1.02s             0           1  2.07s           2026-10-10T15:26:33
================================================================================
[2026-10-10T15:27:34.460+0000] {manager.py:879} INFO - 
================================================================================
DAG File Processing Stats

File Path                                   PID    Runtime      # DAGs    # Errors  Last Runtime    Last Run
------------------------------------------  -----  ---------  --------  ----------  --------------  -------------------
/opt/airflow/dags/diabetes_training_dag.py                           0           1  2.17s           2026-10-10T15:27:05
================================================================================
[2026-10-10T15:28:04.511+0000] {manager.py:879} INFO - 
================================================================================
DAG File Processing Stats

File Path                                   PID    Runtime      # DAGs    # Errors  Last Runtime    Last Run
------------------------------------------  -----  ---------  --------  ----------  --------------  -------------------
/opt/airflow/dags/diabetes_training_dag.py                           0           1  2.87s           2026-10-10T15:27:38
================================================================================
[2026-10-10T15:28:34.714+0000] {manager.py:879} INFO - 
================================================================================
DAG File Processing Stats

File Path                                   PID    Runtime      # DAGs    # Errors  Last Runtime    Last Run
------------------------------------------  -----  ---------  --------  ----------  --------------  -------------------
/opt/airflow/dags/diabetes_training_dag.py                           0           1  2.23s           2026-10-10T15:28:10
================================================================================
[2026-10-10T15:28:56.696+0000] {manager.py:451} INFO - Exiting gracefully upon receiving signal 15
[2026-10-10T15:50:51.567+0000] {manager.py:469} INFO - Processing files using up to 2 processes at a time 
[2026-10-10T15:50:51.573+0000] {manager.py:470} INFO - Process each file at most once every 30 seconds
[2026-10-10T15:50:51.573+0000] {manager.py:471} INFO - Checking for new files in /opt/airflow/dags every 300 seconds
[2026-10-10T15:50:51.574+0000] {manager.py:738} INFO - Searching for files in /opt/airflow/dags
[2026-10-10T15:50:51.575+0000] {manager.py:741} INFO - There are 1 files in /opt/airflow/dags
[2026-10-10T15:50:51.719+0000] {manager.py:879} INFO - 
================================================================================
DAG File Processing Stats

File Path                                     PID  Runtime      # DAGs    # Errors  Last Runtime    Last Run
------------------------------------------  -----  ---------  --------  ----------  --------------  ----------
/opt/airflow/dags/diabetes_training_dag.py     29  0.06s             0           0
================================================================================
[2026-10-10T15:51:21.769+0000] {manager.py:879} INFO - 
================================================================================
DAG File Processing Stats

File Path                                   PID    Runtime      # DAGs    # Errors  Last Runtime    Last Run
------------------------------------------  -----  ---------  --------  ----------  --------------  -------------------
/opt/airflow/dags/diabetes_training_dag.py                           0           1  30.11s          2026-10-10T15:51:21
================================================================================
[2026-10-10T15:51:51.990+0000] {manager.py:879} INFO - 
================================================================================
DAG File Processing Stats

File Path                                     PID  Runtime      # DAGs    # Errors  Last Runtime    Last Run
------------------------------------------  -----  ---------  --------  ----------  --------------  -------------------
/opt/airflow/dags/diabetes_training_dag.py    206  0.01s             0           1  30.11s          2026-10-10T15:51:21
================================================================================
[2026-10-10T15:52:22.154+0000] {manager.py:879} INFO - 
================================================================================
DAG File Processing Stats

File Path                                   PID    Runtime      # DAGs    # Errors  Last Runtime    Last Run
------------------------------------------  -----  ---------  --------  ----------  --------------  -------------------
/opt/airflow/dags/diabetes_training_dag.py                           1           0  26.82s          2026-10-10T15:52:18
================================================================================
[2026-10-10T16:16:38.019+0000] {manager.py:738} INFO - Searching for files in /opt/airflow/dags
[2026-10-10T16:16:38.024+0000] {manager.py:741} INFO - There are 1 files in /opt/airflow/dags
[2026-10-10T16:17:04.776+0000] {manager.py:879} INFO - 
================================================================================
DAG File Processing Stats

File Path                                   PID    Runtime      # DAGs    # Errors  Last Runtime    Last Run
------------------------------------------  -----  ---------  --------  ----------  --------------  -------------------
/opt/airflow/dags/diabetes_training_dag.py                           1           0  26.70s          2026-10-10T16:17:04
================================================================================
